⏰ *Alerta Automática de Entregas:*

📝 Tarea: TP\_final \*borrador\*
📘 \[AyS] Redes y \`SO\`
⏰ Vence Hoy 23:55
⏳ Borrador sin enviar
🔗 [Ir a Pedco](https://pedco.uncoma.edu.ar/mod/assign/view.php?id=1003)

🔥 Examen: Cuestionario 2
📘 Conceptos de Bases de Datos
⏰ Abre lun 28/09 08:00 · cierra Mañana 23:59
⏳ Intento sin terminar
🔗 [Ir a Pedco](https://pedco.uncoma.edu.ar/mod/quiz/view.php?id=2004)

🔥 Examen: Autoevaluación
📘 Materia X
⏰ Cierra sáb 03/10 12:00
⏳ Pendiente
🔗 [Ir a Pedco](https://pedco.uncoma.edu.ar/mod/quiz/view.php?id=2009)

🔥 Examen: Primer parcial
📘 Programación Estática y Laboratorio Web
⏰ Abre lun 05/10 10:00 · cierra lun 05/10 22:00
🔒 Todavía no abrió
🔗 [Ir a Pedco](https://pedco.uncoma.edu.ar/mod/quiz/view.php?id=911187)

🔥 Examen: Coloquio de cierre
📘 Conceptos de Bases de Datos
⏰ Abre mié 07/10 18:38
❔ No pude leer el estado
🔗 [Ir a Pedco](https://pedco.uncoma.edu.ar/mod/quiz/view.php?id=2006)

📝 Tarea: Entrega Practico 3
📘 Seguridad Informática
⏰ Vence lun 12/10 23:55
🔒 Abre jue 01/10 21:35
🔗 [Ir a Pedco](https://pedco.uncoma.edu.ar/mod/assign/view.php?id=1005)

📝 Tarea: Entrega Trabajo Práctico Nº 3
📘 Administración de Servicios
⏰ Vence mar 13/10 23:55
⏳ Pendiente
🔗 [Ir a Pedco](https://pedco.uncoma.edu.ar/mod/assign/view.php?id=1002)

✅ *Hecho*
✅ Parcial 1 - 29/09 18:00 hs · Conceptos de Bases de Datos
✅ TRABAJO PRACTICO N° 2 · Introduc. a la Programación Orientada a Objetos

---
👨‍💻 *PedcoBot* | [Rolando Cobis](https://linkedin.com/in/rolando-cobis-jr)
