📣 Aviso en Conceptos de Bases de Datos
Parcial\_1 \*urgente\* \[BD]
— Enrique Corujo
🗓 Publicado Ayer 19:43

Hola & bienvenidos: usen snake\_case y \*negrita\*
Link: \[aquí]

🔗 [Ver aviso](https://pedco.uncoma.edu.ar/mod/forum/discuss.php?d=563356)
=====
📣 Aviso en Conceptos de Bases de Datos
Parcial_1 *urgente* [BD]
— Enrique Corujo
🗓 Publicado Ayer 19:43

Hola & bienvenidos: usen snake_case y *negrita*
Link: [aquí]

🔗 Ver aviso: https://pedco.uncoma.edu.ar/mod/forum/discuss.php?d=563356
=====
📝 Nota nueva en \[AyS] Redes\_2
TP\_1 \*final\*: Satisfactorio
Parcial & recup: 8,00

🔗 [Ver notas](https://pedco.uncoma.edu.ar/grade/report/user/index.php?id=10325)
=====
📝 Nota nueva en [AyS] Redes_2
TP_1 *final*: Satisfactorio
Parcial & recup: 8,00

🔗 Ver notas: https://pedco.uncoma.edu.ar/grade/report/user/index.php?id=10325
=====
📎 Material nuevo en Conceptos de Bases de Datos
Guía\_1 \[v2] & \*extra\* · 🔗 [Abrir](https://pedco.uncoma.edu.ar/mod/resource/view.php?id=910436)
=====
📎 Material nuevo en Conceptos de Bases de Datos
Guía_1 [v2] & *extra* · 🔗 Abrir: https://pedco.uncoma.edu.ar/mod/resource/view.php?id=910436
